zl1 -- the SECOND heat cause (cpufreq governor), SECOND device run, 2026-09-25
=============================================================================

One boot throughout: boot_id 2fbf9f8e-deea-4955-ad0c-6bddf0fb14f5 -- the same boot as the first run
(docs 170) and the same boot as docs 168. Read again after this run: unchanged. Nothing was flashed,
no partition was written, no block device was opened, no service was restarted, the container was
never stopped.

THIS RUN IS THE ONE WHOSE VERDICT IS AN ARTIFACT (docs 172). It printed COST-MEASURED 3.5 C on a
phone that FELL 7.7 C across the run, and the three defects that allowed it are all visible in this
file, in its own numbers:
  * the two HOTTEST zones (thermal_zone12 and thermal_zone11) fell in EVERY window -- 49.6 -> 47.0 ->
    41.9 and 48.3 -> 46.7 -> 41.9 -- while 21 cooler zones rose by 0.3 to 3.5 C from A to B. The
    phone was cooling hard (it had just finished a heavy load); the governor's own heat could not
    overcome that on the hottest sensors, and the headline "largest warming" is therefore the largest
    of 21 small positives, not the effect being priced.
  * the WAIT accepted "45.4 C" as the reading coming back to window A's 49.6 C. Its test was
    one-sided (`sample - A <= MARGIN`), and 45.4 is 4.2 C BELOW window A, not near it.
  * the CONTROL window was read anyway, and its hottest zones are 6.4 to 7.7 C BELOW window A -- while
    the number the verdict reports for it (C-A = 0.3 C) is the maximum over zones, taken after the
    hottest zone had changed hands. A control window that is 7.7 C away from the state it is a control
    for is not a control, and the run's own table says so in a column nobody's eye lands on.

Host: this laptop.  Device: root@10.15.19.82 (rndis0), serial 33e80afe.  THE DEVICE CLOCK IS WRONG
-- it reads 1970-02-13 -- so every timestamp the instrument prints is wrong and the real date is the
one in this header (the run's own header says 1970-02-13T20:07:39Z).

The only thing this experiment writes is four cpufreq files. The value it writes back is the fix's
own (`interactive`), and after the run every core read `interactive` again.

--------------------------------------------------------------------------------
A. THE RUN (--yes), IN FULL, as it came back over ssh
--------------------------------------------------------------------------------


== zl1 governor temperature A/B -- 1970-02-13T20:07:39Z UTC
  device:      Letv Technologies, Inc. MSM 8996pro + PMI8996 LE_ZL1-DVT1
  cores:       4 (/sys/devices/system/cpu/cpu0/cpufreq/scaling_governor /sys/devices/system/cpu/cpu1/cpufreq/scaling_governor /sys/devices/system/cpu/cpu2/cpufreq/scaling_governor /sys/devices/system/cpu/cpu3/cpufreq/scaling_governor)
  instrument:  /tmp/zl1-thermal.sh
  windows:     45s each, 20s after each write
  states:      A/C 'interactive' (the fix, installed)  B 'performance' (the image's own value)
  panic guard: disarmed (1 parameter(s) read 0) -- a panic reboots
  now:        interactive cpu0=interactive cpu1=interactive cpu2=interactive cpu3=interactive

== the refusals, on their own terms (nothing is written until all of them have passed)
   A. panic guard: all 1 download_mode parameter(s) read 0 -- a panic reboots, not EDL
   B. instrument: readable (/tmp/zl1-thermal.sh)
   C. cores:      all 4 are writable and offer both 'interactive' and 'performance'
   D. as installed: all 4 core(s) read 'interactive' -- the fix is in place (this is window A)
   C. write path: wrote 'interactive' back to all 4 core(s) and read 'interactive'
                  back -- writable in fact, and every core agrees on what it read.

== window A -- as installed (every core on 'interactive', nothing written yet)
   busy 0.81 of 4 cores; 38 zone(s) read
   wrote 'performance' to all 4 core(s) and read 'performance' back: the cores are PINNED from
   here until the undo (this is the image's own state -- the second heat cause put back).

== window B -- the cores PINNED (the one change this experiment makes)
   busy 0.54 of 4 cores
   wrote 'interactive' to all 4 core(s) and read 'interactive' back: this is the state it started in.

== the wait -- does window A's reading come back before the control window reads it?
   window A's hottest tsens zone: 49.6 C. Waiting up to 240s (every 10s) for it to come
   back to within 0.5 C of that before window C reads anything.
   IT CAME BACK: 45.4 C after 10s, against window A's 49.6 C (margin 0.5 C). Window C
   below is therefore a CONTROL and not a second reading of the same heat.

== window C -- the CONTROL: the fix's state again, so the third window is the same state as the first
   busy 0.82 of 4 cores
   final state: all 4 core(s) read 'interactive' -- the fix is where this script found it.

== the per-zone deltas (the instrument's OWN numbers, in its own unit -- it normalised them)
   zone       type                        A      B      C     B-A    C-A
   thermal_zone9 tsens_tz_sensor8         46.1   49.6   40.6   +3.5   -5.5
   thermal_zone10 tsens_tz_sensor9         45.4   48.7   41.6   +3.3   -3.8
   thermal_zone5 tsens_tz_sensor4         41.9   43.8   39.6   +1.9   -2.3
   thermal_zone7 tsens_tz_sensor6         41.6   43.2   39.3   +1.6   -2.3
   thermal_zone8 tsens_tz_sensor7         42.9   44.5   39.3   +1.6   -3.6
   thermal_zone17 tsens_tz_sensor16        42.4   43.7   41.7   +1.3   -0.7
   thermal_zone2 tsens_tz_sensor1         43.8   45.1   40.6   +1.3   -3.2
   thermal_zone4 tsens_tz_sensor3         43.5   44.8   39.9   +1.3   -3.6
   thermal_zone6 tsens_tz_sensor5         42.9   44.1   39.9   +1.2   -3.0
   thermal_zone14 tsens_tz_sensor13        41.4   42.4   40.1   +1.0   -1.3
   thermal_zone19 tsens_tz_sensor18        38.8   39.8   38.8   +1.0   +0.0
   thermal_zone1 tsens_tz_sensor0         40.9   41.9   40.3   +1.0   -0.6
   thermal_zone23 msm_therm                37.0   38.0   37.0   +1.0   +0.0
   thermal_zone27 quiet_therm              37.0   38.0   38.0   +1.0   +1.0
   thermal_zone3 tsens_tz_sensor2         41.9   42.9   39.9   +1.0   -2.0
   thermal_zone13 tsens_tz_sensor12        46.1   47.0   41.9   +0.9   -4.2
   thermal_zone16 tsens_tz_sensor15        38.2   39.1   38.5   +0.9   +0.3
   thermal_zone20 tsens_tz_sensor19        39.8   40.7   39.8   +0.9   +0.0
   thermal_zone15 tsens_tz_sensor14        38.5   39.1   38.5   +0.6   +0.0
   thermal_zone21 tsens_tz_sensor20        41.4   42.0   40.7   +0.6   -0.7
   thermal_zone18 tsens_tz_sensor17        44.0   44.3   43.0   +0.3   -1.0
   thermal_zone22 pm8994_tz                37.5   37.6   37.1   +0.1   -0.4
   thermal_zone0 bms                      33.2   33.2   33.5   +0.0   +0.3
   thermal_zone24 emmc_therm               35.0   35.0   35.0   +0.0   +0.0
   thermal_zone25 pa_therm0                34.0   34.0   34.0   +0.0   +0.0
   thermal_zone26 pa_therm1                31.0   31.0   31.0   +0.0   +0.0
   thermal_zone28 xo_therm_buf              0.0    0.0    0.0   +0.0   +0.0
   thermal_zone29 battery                  33.2   33.2   33.5   +0.0   +0.3
   thermal_zone30 DLMt_APC1                 0.0    0.0    0.0   +0.0   +0.0
   thermal_zone31 LLM_cp00                  0.0    0.0    0.0   +0.0   +0.0
   thermal_zone32 LLM_cp01                  0.0    0.0    0.0   +0.0   +0.0
   thermal_zone33 LLM_cp10                  0.0    0.0    0.0   +0.0   +0.0
   thermal_zone34 LLM_cp11                  0.0    0.0    0.0   +0.0   +0.0
   thermal_zone35 LLM_m4m0                  0.0    0.0    0.0   +0.0   +0.0
   thermal_zone36 LLM_l21-                  0.0    0.0    0.0   +0.0   +0.0
   thermal_zone37 LLM_l20-                  0.0    0.0    0.0   +0.0   +0.0
   thermal_zone11 tsens_tz_sensor10        48.3   46.7   41.9   -1.6   -6.4
   thermal_zone12 tsens_tz_sensor11        49.6   47.0   41.9   -2.6   -7.7
   (38 zone(s) in this table, sorted by B-A; every one is printed.)

== the verdict
   window A was the fix installed ('interactive'); B was the cores PINNED ('performance'); C was 'interactive'
   again. Busy: A 0.81, B 0.54, C 0.82 of 4 cores (a READING, not a gate: a governor changes
   the clock a core runs at, and this figure counts busy TIME, so the two are not expected to track).
   the largest warming from A to B on any tsens zone: 3.5 C  (thermal_zone9 (tsens_tz_sensor8))
   and from A to C (the control, same state as A):   0.3 C  (thermal_zone16 (tsens_tz_sensor15))
   the threshold this experiment calls a cost: 0.2 C -- two steps of the instrument's 0.1 C

   -> COST-MEASURED: pinning all four cores warmed the hottest tsens zone by 3.5 C (thermal_zone9 (tsens_tz_sensor8)), and
      putting the fix back did not leave that warming behind (C is 0.3 C above A). At this load, that
      is what the second heat cause is worth in temperature.

   Read it as a READING and not as the governor fix's price in general: ambient is not controlled, the
   battery's charging state is not controlled, and window C is a control only to the extent that the wait
   above found the reading back (it waited 240s at a 0.5 C bar, and what it measured is
   printed above). The zones are the instrument's numbers, normalised by it; this script does not divide.
   This run used: --seconds 45 --settle 20 --settle-back 240 --poll 10
   --margin 0.5.

   The cores read 'interactive' cpu0=interactive cpu1=interactive cpu2=interactive cpu3=interactive -- the state it started in.

   the scratch directory /tmp/zl1-governor-temp-ab.Wr467O was removed (--keep leaves it instead, and a failed window forces it on).
