zl1 -- the SECOND heat cause (cpufreq governor), the ALTERNATING design, SIX device runs, 2026-09-26
====================================================================================================

ONE BOOT THROUGHOUT: boot_id 2fbf9f8e-deea-4955-ad0c-6bddf0fb14f5 -- the same boot as docs 168, 170,
172, 173 and 174. Re-read before the first run and after the last: UNCHANGED. Four cores read
`interactive` after every run (each run's own trap restores it and re-reads it). Nothing was
flashed, no partition was written, no block device was opened, no service was restarted, the
container was never stopped. The instrument (/tmp/zl1-governor-temp-ab.sh, md5
a148b614c35e59c640676c5f27c7b368) was copied to /tmp and its md5 compared with the host's copy
before the first run: identical.

WHAT WAS RUN. The alternating design (docs 175) on the real phone, six times, to answer the one
question docs 175's closing line names: how big is THIS phone's scatter. Runs 1-4 and 6 are the
design's own defaults (30 s windows, 5 s settle); run 5 takes the same design with 90 s windows to
test whether the window length moves the answer.

THE HEADLINE, AND IT IS NOT A PRICE. The same design on the same phone on the same boot printed
+2.03, -0.58, +2.48, +5.88, +2.27 and +2.30 C -- on FOUR DIFFERENT 'primary' zones, because the
pre-registered zone is the hottest sensor of window A.1 and that changes hands between runs. An
independent 2 s by-name sampler running beside run 6 (reading /sys/class/thermal/thermal_zone*/temp
by NAME, no column arithmetic, its timestamps from /proc/uptime) gives a THIRD answer for the same
windows: window MEANS instead of the instrument's single end-of-window snapshot, section 7 below.

VERDICT BODY PER RUN
----------------------------------------------------------------------------------------------------


### RUN 1 -- 30 s windows, 4 pairs (--pairs 4)
== BEFORE ==
== RUN ==
== RUN EXIT 0 ==
== AFTER ==
== the verdict (the alternating design)
   the primary zone was PRE-REGISTERED, in the first window of the run and before any 'performance'
   write: thermal_zone18 (tsens_tz_sensor17). Nothing below chose it from the data -- and that matters, because the largest of
   the 21 means above would sit about two standard errors above zero with no effect at all. That is the
   shape docs 172 printed as a price.
   the mean of 4 pair difference(s) on it:  2.03 C   (standard error 0.38 C)
   so the two-standard-error interval is [1.27, 2.79] C, and this experiment calls 0.2 C a cost.
   the control, over the same minutes: the phone moved up to 0.21 C per window on its own (on thermal_zone12), and the pairing removes that.
   per-pair table (mean, standard error, n) on every tsens zone:
   thermal_zone12 tsens_tz_sensor11       +6.92  1.51   4
   thermal_zone11 tsens_tz_sensor10       +6.82  1.10   4
   thermal_zone10 tsens_tz_sensor9        +6.43  1.29   4
   thermal_zone9 tsens_tz_sensor8        +6.07  0.61   4
   thermal_zone13 tsens_tz_sensor12       +5.62  0.97   4
   thermal_zone8 tsens_tz_sensor7        +5.08  0.68   4
   thermal_zone2 tsens_tz_sensor1        +4.75  0.54   4
   thermal_zone4 tsens_tz_sensor3        +4.72  0.68   4
   thermal_zone5 tsens_tz_sensor4        +4.60  0.89   4
   thermal_zone6 tsens_tz_sensor5        +4.52  0.53   4
   thermal_zone7 tsens_tz_sensor6        +4.15  0.49   4
   thermal_zone3 tsens_tz_sensor2        +3.05  0.29   4
   thermal_zone14 tsens_tz_sensor13       +2.75  0.35   4
   thermal_zone1 tsens_tz_sensor0        +2.45  0.31   4
   thermal_zone17 tsens_tz_sensor16       +2.32  0.35   4
   thermal_zone18 tsens_tz_sensor17       +2.03  0.38   4  <- PRE-REGISTERED (hottest zone of window A.1, before any write)
   thermal_zone19 tsens_tz_sensor18       +1.45  0.22   4
   thermal_zone21 tsens_tz_sensor20       +1.45  0.26   4
   thermal_zone20 tsens_tz_sensor19       +1.20  0.24   4
   thermal_zone16 tsens_tz_sensor15       +1.15  0.19   4
   thermal_zone15 tsens_tz_sensor14       +1.00  0.12   4
   thermal_zone12 tsens_tz_sensor11               +0.21   3
   thermal_zone8 tsens_tz_sensor7                +0.20   3
   thermal_zone10 tsens_tz_sensor9                +0.16   3
   thermal_zone13 tsens_tz_sensor12               +0.14   3
   thermal_zone5 tsens_tz_sensor4                +0.14   3
   thermal_zone16 tsens_tz_sensor15               +0.13   3
   thermal_zone18 tsens_tz_sensor17               +0.11   3
   thermal_zone19 tsens_tz_sensor18               +0.11   3
   thermal_zone7 tsens_tz_sensor6                +0.11   3
   thermal_zone9 tsens_tz_sensor8                +0.11   3
   thermal_zone21 tsens_tz_sensor20               +0.10   3
   thermal_zone6 tsens_tz_sensor5                +0.10   3
   thermal_zone11 tsens_tz_sensor10               +0.08   3
   thermal_zone2 tsens_tz_sensor1                +0.08   3
   thermal_zone15 tsens_tz_sensor14               +0.07   3
   thermal_zone1 tsens_tz_sensor0                +0.07   3
   thermal_zone3 tsens_tz_sensor2                +0.07   3
   thermal_zone4 tsens_tz_sensor3                +0.07   3
   thermal_zone17 tsens_tz_sensor16               +0.06   3
   thermal_zone20 tsens_tz_sensor19               +0.04   3
   thermal_zone14 tsens_tz_sensor13               +0.02   3
   the primary zone was PRE-REGISTERED, in the first window of the run and before any 'performance'
   WALL CLOCK: this attempt took 370s: 329s in 8 window(s), 0s in
   the holds -- and this design has NONE (--pairs): the 8 window(s) above are the whole run, 41s each


### RUN 2 -- 30 s windows, 4 pairs (--pairs 4)
== BEFORE ==
== RUN ==
== RUN EXIT 1 ==
== AFTER ==
== the verdict (the alternating design)
   the primary zone was PRE-REGISTERED, in the first window of the run and before any 'performance'
   write: thermal_zone12 (tsens_tz_sensor11). Nothing below chose it from the data -- and that matters, because the largest of
   the 21 means above would sit about two standard errors above zero with no effect at all. That is the
   shape docs 172 printed as a price.
   the mean of 4 pair difference(s) on it:  -0.58 C   (standard error 1.01 C)
   so the two-standard-error interval is [-2.60, 1.44] C, and this experiment calls 0.2 C a cost.
   the control, over the same minutes: the phone moved up to 0.78 C per window on its own (on thermal_zone9), and the pairing removes that.
   per-pair table (mean, standard error, n) on every tsens zone:
   thermal_zone14 tsens_tz_sensor13       +1.67  0.47   4
   thermal_zone1 tsens_tz_sensor0        +1.65  0.45   4
   thermal_zone17 tsens_tz_sensor16       +1.45  0.43   4
   thermal_zone19 tsens_tz_sensor18       +1.23  0.18   4
   thermal_zone20 tsens_tz_sensor19       +1.20  0.10   4
   thermal_zone2 tsens_tz_sensor1        +1.20  0.63   4
   thermal_zone8 tsens_tz_sensor7        +1.12  0.20   4
   thermal_zone15 tsens_tz_sensor14       +1.07  0.07   4
   thermal_zone4 tsens_tz_sensor3        +1.05  0.40   4
   thermal_zone21 tsens_tz_sensor20       +1.02  0.25   4
   thermal_zone5 tsens_tz_sensor4        +1.02  0.34   4
   thermal_zone6 tsens_tz_sensor5        +1.00  0.27   4
   thermal_zone16 tsens_tz_sensor15       +0.98  0.22   4
   thermal_zone13 tsens_tz_sensor12       +0.95  0.76   4
   thermal_zone3 tsens_tz_sensor2        +0.95  0.35   4
   thermal_zone7 tsens_tz_sensor6        +0.88  0.36   4
   thermal_zone18 tsens_tz_sensor17       +0.57  0.60   4
   thermal_zone10 tsens_tz_sensor9        +0.47  0.31   4
   thermal_zone11 tsens_tz_sensor10       -0.35  1.16   4
   thermal_zone12 tsens_tz_sensor11       -0.58  1.01   4  <- PRE-REGISTERED (hottest zone of window A.1, before any write)
   thermal_zone9 tsens_tz_sensor8        -1.22  0.95   4
   thermal_zone9 tsens_tz_sensor8                +0.78   3
   thermal_zone11 tsens_tz_sensor10               -0.71   3
   thermal_zone12 tsens_tz_sensor11               -0.68   3
   thermal_zone13 tsens_tz_sensor12               -0.49   3
   thermal_zone14 tsens_tz_sensor13               -0.43   3
   thermal_zone2 tsens_tz_sensor1                -0.40   3
   thermal_zone1 tsens_tz_sensor0                -0.33   3
   thermal_zone3 tsens_tz_sensor2                -0.30   3
   thermal_zone17 tsens_tz_sensor16               -0.29   3
   thermal_zone18 tsens_tz_sensor17               -0.23   3
   thermal_zone21 tsens_tz_sensor20               -0.23   3
   thermal_zone7 tsens_tz_sensor6                -0.23   3
   thermal_zone16 tsens_tz_sensor15               -0.22   3
   thermal_zone19 tsens_tz_sensor18               -0.20   3
   thermal_zone6 tsens_tz_sensor5                -0.17   3
   thermal_zone5 tsens_tz_sensor4                -0.16   3
   thermal_zone15 tsens_tz_sensor14               -0.10   3
   thermal_zone8 tsens_tz_sensor7                -0.10   3
   thermal_zone20 tsens_tz_sensor19               -0.09   3
   thermal_zone4 tsens_tz_sensor3                -0.07   3
   thermal_zone10 tsens_tz_sensor9                -0.03   3
   the primary zone was PRE-REGISTERED, in the first window of the run and before any 'performance'
   WALL CLOCK: this attempt took 369s: 328s in 8 window(s), 0s in
   the holds -- and this design has NONE (--pairs): the 8 window(s) above are the whole run, 41s each


### RUN 3 -- 30 s windows, 4 pairs (--pairs 4)
== BEFORE ==
== RUN ==
== RUN EXIT 0 ==
== AFTER ==
== the verdict (the alternating design)
   the primary zone was PRE-REGISTERED, in the first window of the run and before any 'performance'
   write: thermal_zone18 (tsens_tz_sensor17). Nothing below chose it from the data -- and that matters, because the largest of
   the 21 means above would sit about two standard errors above zero with no effect at all. That is the
   shape docs 172 printed as a price.
   the mean of 4 pair difference(s) on it:  2.48 C   (standard error 0.47 C)
   so the two-standard-error interval is [1.54, 3.42] C, and this experiment calls 0.2 C a cost.
   the control, over the same minutes: the phone moved up to 0.54 C per window on its own (on thermal_zone9), and the pairing removes that.
   per-pair table (mean, standard error, n) on every tsens zone:
   thermal_zone12 tsens_tz_sensor11       +8.25  0.56   4
   thermal_zone11 tsens_tz_sensor10       +7.27  0.49   4
   thermal_zone9 tsens_tz_sensor8        +6.80  0.78   4
   thermal_zone10 tsens_tz_sensor9        +6.02  0.58   4
   thermal_zone13 tsens_tz_sensor12       +5.45  0.30   4
   thermal_zone5 tsens_tz_sensor4        +5.10  0.16   4
   thermal_zone8 tsens_tz_sensor7        +4.90  0.10   4
   thermal_zone4 tsens_tz_sensor3        +4.85  0.30   4
   thermal_zone2 tsens_tz_sensor1        +4.35  0.32   4
   thermal_zone6 tsens_tz_sensor5        +4.20  0.00   4
   thermal_zone7 tsens_tz_sensor6        +3.95  0.19   4
   thermal_zone3 tsens_tz_sensor2        +3.12  0.14   4
   thermal_zone14 tsens_tz_sensor13       +2.57  0.24   4
   thermal_zone18 tsens_tz_sensor17       +2.48  0.47   4  <- PRE-REGISTERED (hottest zone of window A.1, before any write)
   thermal_zone17 tsens_tz_sensor16       +2.32  0.14   4
   thermal_zone1 tsens_tz_sensor0        +2.25  0.14   4
   thermal_zone21 tsens_tz_sensor20       +1.88  0.17   4
   thermal_zone19 tsens_tz_sensor18       +1.40  0.21   4
   thermal_zone16 tsens_tz_sensor15       +1.38  0.23   4
   thermal_zone15 tsens_tz_sensor14       +1.25  0.17   4
   thermal_zone20 tsens_tz_sensor19       +1.15  0.22   4
   thermal_zone9 tsens_tz_sensor8                -0.54   3
   thermal_zone11 tsens_tz_sensor10               +0.36   3
   thermal_zone8 tsens_tz_sensor7                -0.22   3
   thermal_zone13 tsens_tz_sensor12               +0.18   3
   thermal_zone4 tsens_tz_sensor3                -0.16   3
   thermal_zone12 tsens_tz_sensor11               +0.14   3
   thermal_zone18 tsens_tz_sensor17               -0.13   3
   thermal_zone14 tsens_tz_sensor13               +0.11   3
   thermal_zone7 tsens_tz_sensor6                -0.10   3
   thermal_zone10 tsens_tz_sensor9                +0.09   3
   thermal_zone15 tsens_tz_sensor14               +0.08   3
   thermal_zone17 tsens_tz_sensor16               +0.07   3
   thermal_zone5 tsens_tz_sensor4                -0.07   3
   thermal_zone19 tsens_tz_sensor18               -0.06   3
   thermal_zone16 tsens_tz_sensor15               +0.04   3
   thermal_zone6 tsens_tz_sensor5                -0.04   3
   thermal_zone1 tsens_tz_sensor0                +0.03   3
   thermal_zone20 tsens_tz_sensor19               -0.02   3
   thermal_zone21 tsens_tz_sensor20               +0.01   3
   thermal_zone2 tsens_tz_sensor1                -0.01   3
   thermal_zone3 tsens_tz_sensor2                +0.01   3
   the primary zone was PRE-REGISTERED, in the first window of the run and before any 'performance'
   WALL CLOCK: this attempt took 371s: 330s in 8 window(s), 0s in
   the holds -- and this design has NONE (--pairs): the 8 window(s) above are the whole run, 41s each


### RUN 4 -- 30 s windows, 4 pairs (--pairs 4)
== BEFORE ==
== RUN ==
== RUN EXIT 0 ==
== AFTER ==
== the verdict (the alternating design)
   the primary zone was PRE-REGISTERED, in the first window of the run and before any 'performance'
   write: thermal_zone9 (tsens_tz_sensor8). Nothing below chose it from the data -- and that matters, because the largest of
   the 21 means above would sit about two standard errors above zero with no effect at all. That is the
   shape docs 172 printed as a price.
   the mean of 4 pair difference(s) on it:  5.88 C   (standard error 0.96 C)
   so the two-standard-error interval is [3.96, 7.80] C, and this experiment calls 0.2 C a cost.
   the control, over the same minutes: the phone moved up to 0.79 C per window on its own (on thermal_zone10), and the pairing removes that.
   per-pair table (mean, standard error, n) on every tsens zone:
   thermal_zone9 tsens_tz_sensor8        +5.88  0.96   4  <- PRE-REGISTERED (hottest zone of window A.1, before any write)
   thermal_zone4 tsens_tz_sensor3        +5.00  0.51   4
   thermal_zone11 tsens_tz_sensor10       +4.85  0.89   4
   thermal_zone10 tsens_tz_sensor9        +4.82  0.58   4
   thermal_zone12 tsens_tz_sensor11       +4.82  1.21   4
   thermal_zone8 tsens_tz_sensor7        +4.78  0.38   4
   thermal_zone13 tsens_tz_sensor12       +4.53  0.55   4
   thermal_zone5 tsens_tz_sensor4        +4.35  0.48   4
   thermal_zone6 tsens_tz_sensor5        +4.18  0.19   4
   thermal_zone2 tsens_tz_sensor1        +4.12  0.54   4
   thermal_zone7 tsens_tz_sensor6        +3.57  0.24   4
   thermal_zone14 tsens_tz_sensor13       +2.82  0.19   4
   thermal_zone3 tsens_tz_sensor2        +2.80  0.31   4
   thermal_zone1 tsens_tz_sensor0        +2.50  0.21   4
   thermal_zone17 tsens_tz_sensor16       +2.25  0.27   4
   thermal_zone18 tsens_tz_sensor17       +2.03  0.24   4
   thermal_zone21 tsens_tz_sensor20       +1.62  0.22   4
   thermal_zone19 tsens_tz_sensor18       +1.60  0.12   4
   thermal_zone16 tsens_tz_sensor15       +1.58  0.21   4
   thermal_zone20 tsens_tz_sensor19       +1.30  0.00   4
   thermal_zone15 tsens_tz_sensor14       +1.15  0.09   4
   thermal_zone10 tsens_tz_sensor9                -0.79   3
   thermal_zone9 tsens_tz_sensor8                -0.61   3
   thermal_zone12 tsens_tz_sensor11               -0.60   3
   thermal_zone11 tsens_tz_sensor10               -0.58   3
   thermal_zone13 tsens_tz_sensor12               -0.26   3
   thermal_zone16 tsens_tz_sensor15               +0.20   3
   thermal_zone8 tsens_tz_sensor7                -0.19   3
   thermal_zone2 tsens_tz_sensor1                -0.17   3
   thermal_zone4 tsens_tz_sensor3                -0.16   3
   thermal_zone15 tsens_tz_sensor14               +0.14   3
   thermal_zone7 tsens_tz_sensor6                -0.14   3
   thermal_zone18 tsens_tz_sensor17               +0.13   3
   thermal_zone5 tsens_tz_sensor4                -0.12   3
   thermal_zone6 tsens_tz_sensor5                -0.12   3
   thermal_zone1 tsens_tz_sensor0                +0.11   3
   thermal_zone21 tsens_tz_sensor20               +0.11   3
   thermal_zone14 tsens_tz_sensor13               +0.10   3
   thermal_zone19 tsens_tz_sensor18               +0.07   3
   thermal_zone20 tsens_tz_sensor19               +0.03   3
   thermal_zone3 tsens_tz_sensor2                +0.01   3
   thermal_zone17 tsens_tz_sensor16               -0.00   3
   the primary zone was PRE-REGISTERED, in the first window of the run and before any 'performance'
   WALL CLOCK: this attempt took 370s: 329s in 8 window(s), 0s in
   the holds -- and this design has NONE (--pairs): the 8 window(s) above are the whole run, 41s each


### RUN 5 -- 90 s windows, 3 pairs (--pairs 3 --seconds 90 --settle 15)
== BEFORE ==
== RUN ==
== RUN EXIT 0 ==
== AFTER ==
== the verdict (the alternating design)
   the primary zone was PRE-REGISTERED, in the first window of the run and before any 'performance'
   write: thermal_zone18 (tsens_tz_sensor17). Nothing below chose it from the data -- and that matters, because the largest of
   the 21 means above would sit about two standard errors above zero with no effect at all. That is the
   shape docs 172 printed as a price.
   the mean of 3 pair difference(s) on it:  2.27 C   (standard error 0.35 C)
   so the two-standard-error interval is [1.57, 2.97] C, and this experiment calls 0.2 C a cost.
   the control, over the same minutes: the phone moved up to 2.07 C per window on its own (on thermal_zone9), and the pairing removes that.
   per-pair table (mean, standard error, n) on every tsens zone:
   thermal_zone10 tsens_tz_sensor9        +6.97  2.07   3
   thermal_zone11 tsens_tz_sensor10       +6.23  1.67   3
   thermal_zone12 tsens_tz_sensor11       +6.23  1.86   3
   thermal_zone13 tsens_tz_sensor12       +6.03  1.22   3
   thermal_zone9 tsens_tz_sensor8        +5.07  2.07   3
   thermal_zone2 tsens_tz_sensor1        +4.70  0.91   3
   thermal_zone8 tsens_tz_sensor7        +4.30  0.75   3
   thermal_zone4 tsens_tz_sensor3        +3.97  0.62   3
   thermal_zone5 tsens_tz_sensor4        +3.90  0.81   3
   thermal_zone6 tsens_tz_sensor5        +3.87  0.48   3
   thermal_zone7 tsens_tz_sensor6        +3.63  0.43   3
   thermal_zone14 tsens_tz_sensor13       +3.00  0.49   3
   thermal_zone3 tsens_tz_sensor2        +2.83  0.42   3
   thermal_zone1 tsens_tz_sensor0        +2.80  0.42   3
   thermal_zone17 tsens_tz_sensor16       +2.43  0.39   3
   thermal_zone18 tsens_tz_sensor17       +2.27  0.35   3  <- PRE-REGISTERED (hottest zone of window A.1, before any write)
   thermal_zone21 tsens_tz_sensor20       +1.87  0.30   3
   thermal_zone19 tsens_tz_sensor18       +1.70  0.10   3
   thermal_zone16 tsens_tz_sensor15       +1.53  0.23   3
   thermal_zone15 tsens_tz_sensor14       +1.30  0.17   3
   thermal_zone20 tsens_tz_sensor19       +1.27  0.20   3
   thermal_zone9 tsens_tz_sensor8                +2.07   2
   thermal_zone12 tsens_tz_sensor11               -0.70   2
   thermal_zone11 tsens_tz_sensor10               -0.65   2
   thermal_zone8 tsens_tz_sensor7                +0.62   2
   thermal_zone2 tsens_tz_sensor1                -0.58   2
   thermal_zone13 tsens_tz_sensor12               -0.52   2
   thermal_zone6 tsens_tz_sensor5                +0.50   2
   thermal_zone10 tsens_tz_sensor9                -0.47   2
   thermal_zone4 tsens_tz_sensor3                +0.43   2
   thermal_zone7 tsens_tz_sensor6                +0.37   2
   thermal_zone14 tsens_tz_sensor13               -0.33   2
   thermal_zone17 tsens_tz_sensor16               -0.33   2
   thermal_zone18 tsens_tz_sensor17               -0.30   2
   thermal_zone1 tsens_tz_sensor0                -0.30   2
   thermal_zone5 tsens_tz_sensor4                +0.27   2
   thermal_zone16 tsens_tz_sensor15               -0.23   2
   thermal_zone21 tsens_tz_sensor20               -0.18   2
   thermal_zone20 tsens_tz_sensor19               -0.10   2
   thermal_zone3 tsens_tz_sensor2                -0.08   2
   thermal_zone19 tsens_tz_sensor18               -0.05   2
   thermal_zone15 tsens_tz_sensor14               +0.02   2
   the primary zone was PRE-REGISTERED, in the first window of the run and before any 'performance'
   WALL CLOCK: this attempt took 696s: 606s in 6 window(s), 0s in
   the holds -- and this design has NONE (--pairs): the 6 window(s) above are the whole run, 101s each


### RUN 6 -- 30 s windows, 3 pairs (with a by-name 2 s sampler) (--pairs 3)
== BEFORE ==
== RUN ==
== RUN EXIT 0 ==
== the verdict (the alternating design)
   the primary zone was PRE-REGISTERED, in the first window of the run and before any 'performance'
   write: thermal_zone18 (tsens_tz_sensor17). Nothing below chose it from the data -- and that matters, because the largest of
   the 21 means above would sit about two standard errors above zero with no effect at all. That is the
   shape docs 172 printed as a price.
   the mean of 3 pair difference(s) on it:  2.30 C   (standard error 0.30 C)
   so the two-standard-error interval is [1.70, 2.90] C, and this experiment calls 0.2 C a cost.
   the control, over the same minutes: the phone moved up to 0.58 C per window on its own (on thermal_zone18), and the pairing removes that.
   per-pair table (mean, standard error, n) on every tsens zone:
   thermal_zone11 tsens_tz_sensor10       +6.57  0.29   3
   thermal_zone12 tsens_tz_sensor11       +6.53  0.59   3
   thermal_zone9 tsens_tz_sensor8        +6.43  0.55   3
   thermal_zone10 tsens_tz_sensor9        +6.33  1.83   3
   thermal_zone13 tsens_tz_sensor12       +5.07  0.87   3
   thermal_zone4 tsens_tz_sensor3        +5.07  0.59   3
   thermal_zone5 tsens_tz_sensor4        +4.60  0.67   3
   thermal_zone8 tsens_tz_sensor7        +4.50  0.30   3
   thermal_zone6 tsens_tz_sensor5        +4.40  0.67   3
   thermal_zone2 tsens_tz_sensor1        +4.17  0.48   3
   thermal_zone7 tsens_tz_sensor6        +3.87  0.35   3
   thermal_zone3 tsens_tz_sensor2        +2.70  0.26   3
   thermal_zone14 tsens_tz_sensor13       +2.47  0.09   3
   thermal_zone18 tsens_tz_sensor17       +2.30  0.30   3  <- PRE-REGISTERED (hottest zone of window A.1, before any write)
   thermal_zone1 tsens_tz_sensor0        +2.23  0.20   3
   thermal_zone17 tsens_tz_sensor16       +2.13  0.12   3
   thermal_zone21 tsens_tz_sensor20       +1.60  0.17   3
   thermal_zone16 tsens_tz_sensor15       +1.40  0.20   3
   thermal_zone19 tsens_tz_sensor18       +1.30  0.17   3
   thermal_zone20 tsens_tz_sensor19       +1.10  0.10   3
   thermal_zone15 tsens_tz_sensor14       +1.00  0.17   3
   thermal_zone18 tsens_tz_sensor17               +0.58   2
   thermal_zone15 tsens_tz_sensor14               +0.30   2
   thermal_zone8 tsens_tz_sensor7                +0.22   2
   thermal_zone14 tsens_tz_sensor13               +0.20   2
   thermal_zone20 tsens_tz_sensor19               +0.20   2
   thermal_zone1 tsens_tz_sensor0                +0.15   2
   thermal_zone9 tsens_tz_sensor8                +0.12   2
   thermal_zone6 tsens_tz_sensor5                -0.10   2
   thermal_zone13 tsens_tz_sensor12               -0.08   2
   thermal_zone17 tsens_tz_sensor16               +0.07   2
   thermal_zone2 tsens_tz_sensor1                +0.07   2
   thermal_zone7 tsens_tz_sensor6                +0.07   2
   thermal_zone10 tsens_tz_sensor9                -0.05   2
   thermal_zone11 tsens_tz_sensor10               -0.05   2
   thermal_zone16 tsens_tz_sensor15               +0.05   2
   thermal_zone19 tsens_tz_sensor18               +0.05   2
   thermal_zone21 tsens_tz_sensor20               +0.05   2
   thermal_zone3 tsens_tz_sensor2                +0.05   2
   thermal_zone4 tsens_tz_sensor3                +0.05   2
   thermal_zone12 tsens_tz_sensor11               -0.03   2
   thermal_zone5 tsens_tz_sensor4                +0.00   2
   the primary zone was PRE-REGISTERED, in the first window of the run and before any 'performance'
   WALL CLOCK: this attempt took 277s: 247s in 6 window(s), 0s in
   the holds -- and this design has NONE (--pairs): the 6 window(s) above are the whole run, 41s each


====================================================================================================
SECTION 7 -- THE INDEPENDENT 2 s BY-NAME SAMPLER BESIDE RUN 6
====================================================================================================

379 lines of `S <uptime> z18=<raw> z12=<raw> z9=<raw> g0=<governor> f0=<cur_freq>`, every value
read BY NAME from /sys/class/thermal/thermal_zone{18,12,9}/temp -- no column arithmetic, nothing
derived from the instrument. It ran in a second ssh session beside the run.

(a) THE WRITE HELD, AND IT WAS THE WRITE THAT CHANGED THE CLOCK. Splitting the sampler at its own
    governor column into state periods:

    state        span (uptime s)      s   n   z18 mean  z12 mean  z9 mean
    interactive [29744,29791]    47  24     43.69     43.71    43.30
    performance [29793,29878]    84  43     44.71     46.67    45.49
    interactive [29880,29977]    96  48     44.25     44.62    44.19
    performance [29979,30020]    40  21     44.48     46.40    45.67

    Two states only, and in 84 s of `performance` the little cores' cur_freq never moved off
    1440000 -- the cap -- while in `interactive` it moved between 307200 and 1363200. So the two
    halves differ in the clock, not just in the name of a file.

(b) THE WINDOW MEANS. Six window spans, each 48 s of state (the design's 30 s window plus its 5 s
    settle plus this instrument's walk), split at the midpoints of the two merged same-state runs:

    window   zone18  zone12   zone9
    A.1       43.69   43.71   43.30
    B.1       44.35   46.53   45.40
    B.2       45.09   46.82   45.59
    A.2       44.35   44.93   44.38
    A.3       44.15   44.32   43.99
    B.3       44.58   46.46   45.80

    The SAME pairing, on the same runs, with window MEANS instead of the instrument's snapshot:

      zone18   d_i = [0.66, 0.74, 0.43]   mean +0.61  se 0.09  interval [+0.42, +0.80]
      zone12   d_i = [2.82, 1.89, 2.15]   mean +2.29  se 0.28  interval [+1.73, +2.84]
      zone9    d_i = [2.1, 1.21, 1.81]   mean +1.71  se 0.26  interval [+1.19, +2.23]

    The instrument, on the same run, read [+2.30, +6.5-ish, +5-ish] on those three zones -- ONE SNAPSHOT of each window,
    taken at the END of the window (zl1-thermal.sh prints its header, sleeps the window, walks
    /proc, and only THEN reads the zones -- the header is the START and the zone table is the END).

    Every value the instrument printed is IN the sampler's series; the two disagree because a
    window whose zone moves 42.4 -> 45.6 -> 43.7 inside 48 s (zone18, run 6) has no single value.
    On zone18 the two legitimate readings of the SAME run differ by 1.7 C -- three quarters of the
    effect being priced.

(c) THE CAP IS A CONSTANT OF THE IMAGE, NOT OF THE TEMPERATURE. `scaling_max_freq` read every 4 s
    for 4 minutes while the phone cooled from 48 to 41 C on zone12:

    max=[1440000 1440000 1900800 1900800] -- one distinct value in 60 samples; cpuinfo_max_freq
    is 2188800 / 2342400. There are NO cooling devices under /sys/class/thermal/. So `performance`
    means 1440000/1900800 on this image, and it is what both halves were held at.

(d) ONE TSENS ZONE MOVES ~5 C IN SECONDS AT IDLE. The same by-name reads, 4 s apart, on an idle
    phone: z12 = 412, 480, 406, 429, 467, 429 ... while z18 stayed inside 420..437. That is the
    zone the instrument called the primary on runs 2 and 3.


====================================================================================================
SECTION 8 -- THE INSTRUMENT IS NOT MISREADING THE ZONES (checked twice, by hand, by name)
====================================================================================================
Two spot checks, each a `zl1-thermal.sh` window running beside by-name reads of the same file, and
in the second one the column sampler was ALSO compared by name (`${11}` this time, not `$11`, which
dash parses as `${1}1` -- that is how one of my own probes printed 350001 for a temperature):

  zl1-thermal.sh --seconds 30, header uptime 29644, printed thermal_zone18 = 42.7 C
     by-name at 29644.00, 1 s apart:  42.0  43.0  44.9  ...   43.0  (the header is the START of
     the window, so the instrument's zone read is ~40 s later, inside the same band)
  zl1-thermal.sh --seconds 20, header uptime 29696, printed thermal_zone18 = 44.9 C
     by-name at 29697.06 / 29698.23 / 29699.35 / 29700.53:  43.7  44.3  43.3  44.6
     same instants, column 11 (`${11}`):                    43.3  44.0  43.3  44.6

So the zone read is right, the unit table is right, and the two readers agree to a sample. What they
do NOT agree on, during a run, is which INSTANT represents a window -- section 7(b).

====================================================================================================
WHAT WAS NOT DONE
====================================================================================================
Nothing was flashed. No partition was written. /dev/qbt1000 was never opened. cnss was never
unbound. No service was restarted and the container was never stopped. The only writes this stage
made to the phone were `interactive`/`performance` into the four cores' scaling_governor, which is
what the instrument does by design, each written back to `interactive` by an EXIT trap and re-read.
The four cores read `interactive` after every one of the six runs, and the boot_id is the one the
boot started with.
