### the location-request and fingerprint probes -- offline self-test evidence
### 2026-09-23, host-side only. The device is in EDL (05c6:9008, port 3-3): every number below comes
### from a fake device root, and no line here is a device measurement.

===== 1. what the two defects were, DEMONSTRATED on the pre-fix scripts =====
### The harness was run against the committed (pre-fix) scripts -- `git show HEAD:...` into a copy of
### the tree -- before the fixes were written. That is the check that matters: a harness that passes
### on both versions has not tested the fix.
FAIL  --quiet --enable-testing STILL says it is installing a permission bypass
FAIL  and still says what that means
FAIL  and still names the way back
FAIL  and NOT the other candidate (the defect this round fixed)
FAIL  and it says which path it deliberately did not create
FAIL  and not the <=27 path
FAIL  with the matching undo
pass=77 fail=7

### Reading the failures:
###  * the first three are defect 1: with --quiet, --enable-testing installed the permission bypass and
###    printed NOTHING -- the consent notice went through say(), which --quiet suppresses.
###  * the next four are defect 2: --create-store-dir created BOTH candidate paths (the "not the other
###    candidate" and "not the <=27 path" lines fail in both directions), told the operator about only
###    one of them, and printed an undo for only one.

===== 2. the fixes =====
### defect 1 -- a printer that --quiet cannot silence (scripts/device/zl1-location-request.sh):
107-# under --quiet and the bypass got installed with nothing said. "Be quieter" means fewer read-only
108-# findings, never "do not tell me what I am about to give up"; the same rule the post-mortem harness
109-# exists to enforce on the other side (a mode that acts must be the one thing that still speaks).
110:warn() { printf '%s\n' "$*" >&2; }
111-hdr() { [ "$QUIET" = 1 ] || printf '\n== %s\n' "$*"; }
112-have() { command -v "$1" >/dev/null 2>&1; }
113-
114-# ---------------------------------------------------------------------------------------------
115-# helpers
116-# ---------------------------------------------------------------------------------------------

### ... and the notice itself, now on stderr so a caller that redirects stdout still sees it:
59:#   --enable-testing   open gate 1 with a drop-in and restart the unit. THIS IS A PERMISSION BYPASS:
60-#   --disable-testing  while it is in place, anything on the device can obtain the device's location.
61-#                      It is the image's own testing switch, it is reversible by the command next to
62-#                      it, and it is a trade that belongs to the user -- do not enable it to "see what
--
227:   THIS IS A PERMISSION BYPASS. While it is in place, anything on the device can obtain the device's
228-   location. Reversible with: $0 --disable-testing
229-
230-B. run the whole UT stack on a fake coordinate, with no Android involved (docs 82's A/B):
--
250:  warn "This installs a PERMISSION BYPASS: while it is in place, anything on the device can obtain"
251-  warn "the device's location. It is the image's own testing switch and it is reversible with"
252-  warn "  $0 --disable-testing"
253-  mkdir -p "$DROPIN_DIR" || { echo "cannot create $DROPIN_DIR" >&2; exit 1; }

### defect 2 -- section 2 decides the path, and section 5 writes only that one
### (scripts/device/zl1-fingerprint-probe.sh):
# TARGET is the single path this run decided on, and section 5 writes only that one. It used to write
# BOTH candidates while printing an undo for one of them, in a script whose entire point is that the
# two paths are different answers: creating /data/vendor_de/0/fpdata on a device whose api_level says
# the <=27 branch is a write that nothing will ever read, and its undo was not even printed -- so the
# one thing this script is allowed to write could leave something behind that no line of output
# mentioned. Deciding it here means section 5 cannot disagree with section 2 (docs 97).
TARGET=""
   ---- and the write:
  case "$TARGET" in
  /data/system/users/0/fpdata) OTHER=/data/vendor_de/0/fpdata ;;
  *)                           OTHER=/data/system/users/0/fpdata ;;
  esac
  # Through the container's namespace: nsenter -m makes /data mean the container's /data.
  if nsenter -t "$A" -m -- test -e "$TARGET"; then
    echo "   exists already: $TARGET"
    nsenter -t "$A" -m -- ls -ldn "$TARGET" 2>/dev/null | sed 's/^/   /'
  else
    nsenter -t "$A" -m -- mkdir -p "$TARGET" && echo "   created $TARGET"
    # chown only if the HAL is not root: root can write anything, so the mode is then irrelevant.
    if [ -n "$uid" ] && [ "$uid" != 0 ]; then
      nsenter -t "$A" -m -- chown "$uid:$gid" "$TARGET" 2>/dev/null && echo "   chown $uid:$gid $TARGET"
      nsenter -t "$A" -m -- chmod 0700 "$TARGET" 2>/dev/null && echo "   chmod 0700 $TARGET"
    fi
    nsenter -t "$A" -m -- ls -ldn "$TARGET" 2>/dev/null | sed 's/^/   now: /'
  fi
  echo "   NOT created: $OTHER (section 2 says biometryd passes $TARGET, so nothing would ever read the"
  echo "   other one; if the evidence later contradicts section 2, make it by hand:"
  echo "     nsenter -t $A -m -- mkdir -p $OTHER )"
  echo "   UNDO: nsenter -t $A -m -- rmdir $TARGET   (only if it is still empty)"

===== 3. the harness, whole =====
### 84 checks. Note the design: unlike the other harnesses here, the writes are NOT stubbed -- the
### two write destinations (the drop-in directory and the QML path) are rewritten into a fake root and
### the real mkdir/cat >/rm run, so "the file exists and holds exactly this one Environment= line" is
### asserted on the file itself. Only systemctl (which must not act) and the device-answering commands
### (lxc-info, nsenter, logcat, getprop, qmlscene, sleep) are stubbed.
zl1 location-request + fingerprint-probe -- offline self-test
  scripts under test: scripts/host/../device/zl1-location-request.sh
                      scripts/host/../device/zl1-fingerprint-probe.sh
  fake root:          /tmp/zl1-loc-fp-selftest/fake

== 1. --status: read-only, and it says the true thing about the two levers ==
PASS  --status exits 0
PASS  --status makes no systemd call that changes anything
PASS  --status created nothing on disk
PASS  --status asks the bus who owns the service
PASS  --status detects the v63 getprop stub (which is what makes both doc 82 levers dead)
PASS  --status names the property the wrapper reads
PASS  --status looks for the bridge library in the daemon
PASS  --status answers that question rather than skipping it

== 2. --explain: prints the two drop-ins, installs neither ==
PASS  --explain exits 0
PASS  --explain wrote nothing (the drop-in directory still does not exist)
PASS  --explain makes no systemd call that changes anything
PASS  --explain prints gate 1's drop-in
PASS  --explain spells the directory with the FULL unit name
PASS  --explain says out loud what A is
PASS  --explain keeps the fake-coordinate drop-in behind gate 1 (the second reason it never worked)
PASS  --explain shows the bare ExecStart= that resets the list

== 3. --enable-testing: one file, that content, that restart -- and a notice nobody can silence ==
PASS  --enable-testing exits 0
PASS  it created the drop-in directory
PASS  it wrote /tmp/zl1-loc-fp-selftest/fake/etc/systemd/system/lomiri-location-service.service.d/zl1-testing.conf
PASS  the drop-in holds exactly that one Environment= line under [Service] and nothing else
PASS  that is the only file it added
PASS  and it asks for a daemon-reload
PASS  and restarts exactly that one unit
PASS  and nothing else
PASS  it says what it is doing

   -- the notice under --quiet, which is the defect this round found:
PASS  --quiet --enable-testing STILL says it is installing a permission bypass
PASS  and still says what that means
PASS  and still names the way back
PASS  --quiet did suppress the read-only analysis, so this is not just 'quiet is broken'
PASS  and the bypass really was installed, so the notice was needed

== 4. --disable-testing: removes that one file, and only when it is there ==
PASS  it removed the testing drop-in
PASS  it left the fake-coordinate drop-in alone
PASS  it restarts the unit, so gate 1 closes now
PASS  it reports the removal

   -- and with nothing installed: nothing removed, and no false claim:
PASS  with nothing installed it created nothing
PASS  it does not claim to have removed anything
PASS  it says there was nothing to remove
PASS  and still restarts the unit (unambiguous state, no write involved)

== 5. --request: writes the client and nothing else ==
PASS  --request exits 0
PASS  it wrote the client to its own /tmp path
PASS  the client asks for the lomiri plugin (the key from the .so's own metadata)
PASS  --seconds 5 reached the client's own deadline
PASS  it is a PositionSource, so the marshalling is the library's, not a guess
PASS  --request installed no drop-in (it only measures)
PASS  --request makes no systemd call that changes anything
PASS  it prints the client's own lines unaltered
PASS  including the one that means 'plugin loaded, no backend'
PASS  and it states which gate state the result is to be read against

== 6. the zl1 guard and the flag surface (see the device these must refuse on) ==
PASS  not-the-zl1 exits 1 rather than proceeding
PASS  and on the wrong device it wrote nothing
PASS  the fingerprint probe refuses too
PASS  loc.sh: an unknown argument exits 2
PASS  loc.sh: --help prints a usage block
PASS  fp.sh: an unknown argument exits 2
PASS  fp.sh: --help prints a usage block
PASS  '--seconds' with no value does not abort the shell (this script defaults it)

== 7. fingerprint: the default run writes nothing at all ==
PASS  the default run exits 0
PASS  the default run makes no systemd call that changes anything
PASS  and it created no store directory
PASS  it announces that it is read-only when --create-store-dir is not given
PASS  it states the real question: access() with the HAL's own uid
PASS  and lists the path biometryd actually passes
PASS  whose absence is the finding
PASS  it counts the caller's line
PASS  and the HAL's own line, whose being zero is the evidence
PASS  and the line that puts the failure after openHal()
PASS  it decides which of the two paths biometryd passes, and says so

== 8. --create-store-dir: ONE path, decided by section 2, with its own undo ==
PASS  level 27 -> it creates /data/system/users/0/fpdata
PASS  and NOT the other candidate (the defect this round fixed)
PASS  it reports what it created
PASS  the undo names the path it created
PASS  and it says which path it deliberately did not create
PASS  the undo does not name a path that was never created

   -- the other branch of section 2, driven by the property it reads:
PASS  level 29 -> it creates /data/vendor_de/0/fpdata
PASS  and not the <=27 path
PASS  with the matching undo

   -- an unreadable property lands on the SAME path a correct Android 8 would use:
PASS  it explains that atoi("")=0
PASS  and creates the <=27 path, as biometryd would

   -- already there: no mkdir, no chown, no chmod -- and it does not pretend otherwise:
PASS  with the directory present it creates nothing
PASS  and changes no ownership or mode
PASS  it says the directory was already there

   -- the uid it would chown to comes from the HAL, so no HAL means no write:
PASS  with no container it exits 1
PASS  and writes nothing at all
PASS  it says it aborted rather than reporting a success

pass=84 fail=0

===== 4. what this round does NOT establish =====
### * No device measurement, again: the fake /proc, the fake HAL process, the fake container and the
###   fake logcat are all synthetic. In particular "MISSING /data/system/users/0/fpdata" is the fake
###   root's answer, not the device's -- the real answer is still owed (docs 83's whole question).
### * The permission bypass is proven to be *announced* and to write exactly one file with exactly one
###   line; it is NOT proven to actually open gate 1 on the device. That still needs the device, and it
###   is the user's decision (docs 93 section 3.4 read the short circuit out of the installed library,
###   but a drop-in in the wrong directory is silently inert -- see the full-unit-name rule below).
### * The drop-in DIRECTORY name is the trap this harness pins only as text ("${UNIT}.d" survives the
###   rewrite): a bare lomiri-location-service.d/ is silently inert to systemd, which is the same
###   failure the update-machine-info unit had, and nothing on the host can prove otherwise.
### * --request's Qt client is stubbed, so what is asserted is that the harness's canned ZL1POS lines
###   pass through unaltered; whether a real client gets a session is the measurement the device owes.
