================================================================================
zl1 — where the orientation value comes from, and what qtmir does with it
Raw evidence for docs/ubuntu-touch/92-*.md
Collected 2026-09-23 on the host. Device in Qualcomm EDL the whole time: nothing
here touches the device, and nothing here changes anything in the rootfs image
(it is mounted read-only at /mnt/zl1-rootfs).
================================================================================

-- 1. IDENTITIES -----------------------------------------------------------------
# the three binaries that carry this mapping, in the rootfs image
482f85623eb3e5affd7d4cbadee4b65a9ae8d0475639b51c0b4271ed09d5b74c  /mnt/zl1-rootfs/usr/lib/aarch64-linux-gnu/qt5/plugins/sensors/libqtsensors_sensorfw.so
38b1f470f76d86c361a508c6508d5ace04bf54b7a454068d09cc813b6c0b51fd  /mnt/zl1-rootfs/usr/lib/aarch64-linux-gnu/sensord-qt5/liborientationinterpreter-qt5.so
e42b315583968a3551233a5b0f0c2e52807fc70b10d9220d1d8f16ec4b887a2b  /mnt/zl1-rootfs/usr/lib/aarch64-linux-gnu/libqt5mir1server.so.1

-rw-r--r-- 1 root root 789656 May 22 16:41 /mnt/zl1-rootfs/usr/lib/aarch64-linux-gnu/libqt5mir1server.so.1
-rw-r--r-- 1 root root 200336 May 10 18:31 /mnt/zl1-rootfs/usr/lib/aarch64-linux-gnu/qt5/plugins/sensors/libqtsensors_sensorfw.so
-rw-r--r-- 1 root root  68616 May 11 06:54 /mnt/zl1-rootfs/usr/lib/aarch64-linux-gnu/sensord-qt5/liborientationinterpreter-qt5.so

# package versions that own them (dpkg status, from the same image)
libqt5sensors5 5.15.13-1 qtsensors-opensource-src
libqt5sensors5-sensorfw 5.15.15-0ubports2+0~20260510183121.7+ubports24.04.2~1.gbpe17ba9 qtsensors-opensource-src-sensorfw
qtmir-qt5-mir1 0.7.2+0~20260522164127.69+ubports24.04.2~1.gbpd3f3f8 qtmir
libsensorfw-qt5-plugins 0.15.1+really0.15.1-0ubports1+0~20260511065435.4+ubports24.04.2~1.gbp5adfe6 sensorfw-qt5

-- 2. THE THREE ENUMS, AND THE FOUR VALUES BETWEEN THEM ---------------------------
# The whole chain uses three different enums with three different numberings. Every
# claim below is quoted from source, and where the flattened numbering matters it is
# re-checked against the installed binary (section 3-5).
#
# (a) sensorfw  -- sensors/orientationsensor + filters/orientationinterpreter
#     ubports/sensorfw, branch xenial_-_android9, datatypes/posedata.h:

    /**
     * Device orientation.
     */
    enum Orientation
    {
        Undefined = 0, /**< Orientation is unknown. */
        LeftUp,        /**< Device left side is up */
        RightUp,       /**< Device right side is up */
        BottomUp,      /**< Device bottom is up */
        BottomDown,    /**< Device bottom is down */
        FaceDown,      /**< Device face is down */
        FaceUp         /**< Device face is up */
    };

    PoseData::Orientation orientation_; /**< Device Orientation */
#
# (b) QtSensors -- Qt's own QOrientationReading::Orientation
#     qt/qtsensors, branch 5.15, src/sensors/qorientationsensor.h:

    DECLARE_READING(QOrientationReading)
public:
    enum Orientation {
        Undefined = 0,
        TopUp,
        TopDown,
        LeftUp,
        RightUp,
        FaceUp,
        FaceDown
    };

    Orientation orientation() const;
#
# (c) Qt itself -- Qt::ScreenOrientation (what qtmir stores). From the log in docs 70,
#     the value names qtmir logs are these, and the numbers are Qt's:
#       Qt::PrimaryOrientation = 0            Qt::PortraitOrientation = 1
#       Qt::LandscapeOrientation = 2          Qt::InvertedPortraitOrientation = 4
#       Qt::InvertedLandscapeOrientation = 8
#
# Sources fetched 2026-09-23 (sha256 of the fetched bytes, so these can be re-checked):
f9ec730a239aecc4bb7207c9ad0ac798efc2594e79d64ff9da85529e656b519d  /tmp/sfw/posedata.h
59d5ec9537ca96149977cf586e5366fcdb79ce979d128b5a706004d220b16bba  /tmp/qos.h
388eaa77958b79283734d47f14f0ab6dbb5d9378519115b5a4ccec5b11f6f6ef  /tmp/sfw/orientationinterpreter.cpp
96c100262f747c05c5458e4fa23c586b85c03fbab0f604c61d4bbd44b76b7944  /tmp/qtmir-screen.cpp

url: https://raw.githubusercontent.com/ubports/sensorfw/xenial_-_android9/datatypes/posedata.h
url: https://raw.githubusercontent.com/qt/qtsensors/5.15/src/sensors/qorientationsensor.h
url: https://raw.githubusercontent.com/ubports/sensorfw/xenial_-_android9/filters/orientationinterpreter/orientationinterpreter.cpp
url: https://raw.githubusercontent.com/ubports/qtmir/focal/src/platforms/mirserver/screen.cpp

-- 3. THE BRIDGE: sensorfw -> QtSensors, and it is a 6-entry table ----------------
# This is the only place the sensorfw value is translated. It lives in the QtSensors
# sensorfw backend, which is what QOrientationSensor uses on this port. Read it out
# of the installed binary, because a table is smaller than a switch and cannot be
# misread:

$ readelf -sW $F | grep -i 'OrientationSensor14getOrientation'
   336: 000000000001a060    64 FUNC    GLOBAL DEFAULT   11 _ZN25SensorfwOrientationSensor14getOrientationEi
   476: 000000000001a180    88 FUNC    GLOBAL DEFAULT   11 _ZN25SensorfwOrientationSensor17slotDataAvailableERK8Unsigned

$ llvm-objdump-14 -d --start-address=0x1a060 --stop-address=0x1a0a0 $F

000000000001a060 <_ZN25SensorfwOrientationSensor14getOrientationEi>:
   1a060: 3f 23 03 d5  	hint	#25
   1a064: fd 7b bf a9  	stp	x29, x30, [sp, #-16]!
   1a068: 00 04 00 51  	sub	w0, w0, #1
   1a06c: fd 03 00 91  	mov	x29, sp
   1a070: 1f 14 00 71  	cmp	w0, #5
   1a074: e8 00 00 54  	b.hi	0x1a090 <_ZN25SensorfwOrientationSensor14getOrientationEi+0x30>
   1a078: 21 00 00 b0  	adrp	x1, 0x1f000 <_ZN25SensorfwOrientationSensor14getOrientationEi+0x2c>
   1a07c: 21 40 15 91  	add	x1, x1, #1360
   1a080: fd 7b c1 a8  	ldp	x29, x30, [sp], #16
   1a084: bf 23 03 d5  	hint	#29
   1a088: 20 58 60 b8  	ldr	w0, [x1, w0, uxtw #2]
   1a08c: c0 03 5f d6  	ret
   1a090: fd 7b c1 a8  	ldp	x29, x30, [sp], #16
   1a094: bf 23 03 d5  	hint	#29
   1a098: 00 00 80 52  	mov	w0, #0
   1a09c: c0 03 5f d6  	ret
# getOrientation(x): index = x-1; x outside 1..6 -> 0 (Undefined); otherwise table[x-1]
# from .rodata at 0x1f000+1360 = 0x1f550 (six uint32; the words after it are unrelated
# .rodata). The words, read straight out of the image:

$ llvm-objdump-14 -s -j .rodata $F   (lines covering 0x1f550)
 1f500 436f6d70 61737300 2f53656e 736f724d  Compass./SensorM
 1f510 616e6167 65720000 00000040 8215843f  anager.....@...?
 1f520 000000e0 4d62503f 000000e0 0b2e113e  ....MbP?.......>
 1f530 00000000 10000000 00000000 97000000  ................
 1f540 02000000 00000000 00000000 01000000  ................
 1f550 03000000 04000000 02000000 01000000  ................
 1f560 06000000 05000000 11010000 22020000  ............"...
 1f570 44040000 11000000 01010000 04040000  D...............
 1f580 44000000 22000000 02020000 00000000  D..."...........
 1f590 ffffffff 14000000 00000000 00000000  ................
 1f5a0 18000000 00000000 73656e73 6f726677  ........sensorfw
 1f5b0 53656e73 6f72506c 7567696e 00000000  SensorPlugin....
 1f5c0 ffffffff 12000000 00000000 00000000  ................
 1f5d0 78000000 00000000 ffffffff 10000000  x...............
 1f5e0 00000000 00000000 73000000 00000000  ........s.......
 1f5f0 ffffffff 00000000 00000000 00000000  ................

  the six words : (3, 4, 2, 1, 6, 5)

  sensorfw -> Qt, by number and by NAME:
    sensorfw 1 LeftUp     -> Qt 3 LeftUp
    sensorfw 2 RightUp    -> Qt 4 RightUp
    sensorfw 3 BottomUp   -> Qt 2 TopDown
    sensorfw 4 BottomDown -> Qt 1 TopUp
    sensorfw 5 FaceDown   -> Qt 6 FaceDown
    sensorfw 6 FaceUp     -> Qt 5 FaceUp
# ... and the value comes straight off the D-Bus data, i.e. it IS the number that
# `gdbus ... Get local.OrientationSensor orientation` prints (docs 70/71 read 6):

$ llvm-objdump-14 -d --start-address=0x1a180 --stop-address=0x1a1d8 $F

000000000001a180 <_ZN25SensorfwOrientationSensor17slotDataAvailableERK8Unsigned>:
   1a180: 3f 23 03 d5  	hint	#25
   1a184: fd 7b bd a9  	stp	x29, x30, [sp, #-48]!
   1a188: fd 03 00 91  	mov	x29, sp
   1a18c: f3 53 01 a9  	stp	x19, x20, [sp, #16]
   1a190: f3 03 00 aa  	mov	x19, x0
   1a194: 20 18 40 b9  	ldr	w0, [x1, #24]
   1a198: f4 03 01 aa  	mov	x20, x1
   1a19c: f5 13 00 f9  	str	x21, [sp, #32]
   1a1a0: 75 02 01 91  	add	x21, x19, #64
   1a1a4: af ff ff 97  	bl	0x1a060 <_ZN25SensorfwOrientationSensor14getOrientationEi>
   1a1a8: e1 03 00 2a  	mov	w1, w0
   1a1ac: e0 03 15 aa  	mov	x0, x21
   1a1b0: 04 d4 ff 97  	bl	0xf1c0 <_ZN19QOrientationReading14setOrientationENS_11OrientationE@plt>
   1a1b4: 81 0a 40 f9  	ldr	x1, [x20, #16]
   1a1b8: e0 03 15 aa  	mov	x0, x21
   1a1bc: 91 d5 ff 97  	bl	0xf800 <_ZN14QSensorReading12setTimestampEy@plt>
   1a1c0: f5 13 40 f9  	ldr	x21, [sp, #32]
   1a1c4: e0 03 13 aa  	mov	x0, x19
   1a1c8: f3 53 41 a9  	ldp	x19, x20, [sp, #16]
   1a1cc: fd 7b c3 a8  	ldp	x29, x30, [sp], #48
   1a1d0: bf 23 03 d5  	hint	#29
   1a1d4: f3 d5 ff 17  	b	0xf9a0 <_ZN14QSensorBackend19newReadingAvailableEv@plt>

-- 4. WHERE THE sensorfw NUMBER COMES FROM: the interpreter, in source and in the
--    installed binary. This is the section that says which number means which way up
--    the phone is -- i.e. the thing every earlier doc guessed at.
#
# filters/orientationinterpreter/orientationinterpreter.cpp (ubports/sensorfw,
# xenial_-_android9), the three functions that decide it:

const int OrientationInterpreter::THRESHOLD_LANDSCAPE = 25;
const int OrientationInterpreter::THRESHOLD_PORTRAIT = 20;
const int OrientationInterpreter::DISCARD_TIME = 750000;
const int OrientationInterpreter::AVG_BUFFER_MAX_SIZE = 10;
const char* OrientationInterpreter::CPU_BOOST_PATH = "/sys/power/pm_optimizer_rotation";
int OrientationInterpreter::orientationCheck(const AccelerationData &data,  OrientationMode mode) const
{
    if (mode == OrientationInterpreter::Landscape)
        return round(atan((double)data.x_ / sqrt(data.y_ * data.y_ + data.z_ * data.z_)) * RADIANS_TO_DEGREES);
    else
        return round(atan((double)data.y_ / sqrt(data.x_ * data.x_ + data.z_ * data.z_)) * RADIANS_TO_DEGREES);
}

PoseData OrientationInterpreter::rotateToPortrait(int rotation)
{
    PoseData newTopEdge = PoseData::Undefined;
    newTopEdge.orientation_ = (rotation <= 0) ? PoseData::BottomUp : PoseData::BottomDown;

    // Some threshold to switching between portrait modes
    if (topEdge.orientation_ == PoseData::BottomUp || topEdge.orientation_ == PoseData::BottomDown)
    {
        if (abs(rotation) < SAME_AXIS_LIMIT)
        {
            newTopEdge.orientation_ = topEdge.orientation_;
        }
    }

    return newTopEdge;
}

PoseData OrientationInterpreter::rotateToLandscape(int rotation)
{

    PoseData newTopEdge = PoseData::Undefined;
    newTopEdge.orientation_ = (rotation <= 0) ? PoseData::LeftUp : PoseData::RightUp;
    // Some threshold to switching between landscape modes
    if (topEdge.orientation_ == PoseData::LeftUp || topEdge.orientation_ == PoseData::RightUp)
    {
        if (abs(rotation) < SAME_AXIS_LIMIT)
        {
            newTopEdge.orientation_ = topEdge.orientation_;
        }
    }

    return newTopEdge;
}
void OrientationInterpreter::processFace()
{
    if (abs(data.z_) >= 300)
    {
        PoseData newFace;
        newFace.orientation_ = ((data.z_ <= 0) ? PoseData::FaceDown : PoseData::FaceUp);

        if (newFace.orientation_ == PoseData::FaceDown)
        {
            if (topEdge.orientation_ != PoseData::Undefined) {
                face.orientation_ = PoseData::FaceUp;
            } else {
                face.orientation_ = PoseData::FaceDown;
            }
        } else {
            face.orientation_ = PoseData::FaceUp;
        }

        if (face.orientation_ != previousFace.orientation_)
        {
            previousFace.orientation_ = face.orientation_;
            face.timestamp_ = data.timestamp_;
            faceSource.propagate(1, &face);
        }
    }
#
# The installed binary agrees with that source, and pins the enum numbers of section
# 2(a) without needing the header at all:
#   * rotateToPortrait(rotation)  -> (rotation <= 0) ? BottomUp : BottomDown
#                                  -> 3 or 4   => BottomUp = 3, BottomDown = 4
#   * rotateToLandscape(rotation) -> (rotation <= 0) ? LeftUp : RightUp
#                                  -> 1 or 2   => LeftUp = 1, RightUp = 2
#   * processFace()               -> |z| >= 300, and z > 0 gives 6, z <= 0 gives 5 or 6
#                                  => FaceUp = 6, FaceDown = 5

$ llvm-objdump-14 -d --start-address=0x4880 --stop-address=0x48d0 $F

0000000000004880 <_ZN22OrientationInterpreter16rotateToPortraitEi>:
    4880: 3f 23 03 d5  	hint	#25
    4884: fd 7b bf a9  	stp	x29, x30, [sp, #-16]!
    4888: 3f 00 00 71  	cmp	w1, #0
    488c: fd 03 00 91  	mov	x29, sp
    4890: 03 80 40 b9  	ldr	w3, [x0, #128]
    4894: e2 d7 9f 1a  	cset	w2, gt
    4898: 42 0c 00 11  	add	w2, w2, #3
    489c: 60 0c 00 51  	sub	w0, w3, #3
    48a0: 1f 04 00 71  	cmp	w0, #1
    48a4: 88 00 00 54  	b.hi	0x48b4 <_ZN22OrientationInterpreter16rotateToPortraitEi+0x34>
    48a8: 20 10 00 11  	add	w0, w1, #4
    48ac: 1f 20 00 71  	cmp	w0, #8
    48b0: 42 80 83 1a  	csel	w2, w2, w3, hi
    48b4: fd 7b c1 a8  	ldp	x29, x30, [sp], #16
    48b8: bf 23 03 d5  	hint	#29
    48bc: e1 03 02 2a  	mov	w1, w2
    48c0: 00 00 80 d2  	mov	x0, #0
    48c4: c0 03 5f d6  	ret
    48c8: 1f 20 03 d5  	nop
    48cc: 1f 20 03 d5  	nop

$ llvm-objdump-14 -d --start-address=0x48d0 --stop-address=0x4920 $F

00000000000048d0 <_ZN22OrientationInterpreter17rotateToLandscapeEi>:
    48d0: 3f 23 03 d5  	hint	#25
    48d4: fd 7b bf a9  	stp	x29, x30, [sp, #-16]!
    48d8: 3f 00 00 71  	cmp	w1, #0
    48dc: fd 03 00 91  	mov	x29, sp
    48e0: 03 80 40 b9  	ldr	w3, [x0, #128]
    48e4: e2 d7 9f 1a  	cset	w2, gt
    48e8: 42 04 00 11  	add	w2, w2, #1
    48ec: 60 04 00 51  	sub	w0, w3, #1
    48f0: 1f 04 00 71  	cmp	w0, #1
    48f4: 88 00 00 54  	b.hi	0x4904 <_ZN22OrientationInterpreter17rotateToLandscapeEi+0x34>
    48f8: 20 10 00 11  	add	w0, w1, #4
    48fc: 1f 20 00 71  	cmp	w0, #8
    4900: 42 80 83 1a  	csel	w2, w2, w3, hi
    4904: fd 7b c1 a8  	ldp	x29, x30, [sp], #16
    4908: bf 23 03 d5  	hint	#29
    490c: e1 03 02 2a  	mov	w1, w2
    4910: 00 00 80 d2  	mov	x0, #0
    4914: c0 03 5f d6  	ret
    4918: 1f 20 03 d5  	nop
    491c: 1f 20 03 d5  	nop

$ llvm-objdump-14 -d --start-address=0x70c0 --stop-address=0x7140 $F

00000000000070c0 <_ZN22OrientationInterpreter11processFaceEv>:
    70c0: 3f 23 03 d5  	hint	#25
    70c4: fd 7b bf a9  	stp	x29, x30, [sp, #-16]!
    70c8: c1 72 a8 52  	mov	w1, #1133903872
    70cc: fd 03 00 91  	mov	x29, sp
    70d0: 01 c0 40 bd  	ldr	s1, [x0, #192]
    70d4: 20 00 27 1e  	fmov	s0, w1
    70d8: 22 c0 20 1e  	fabs	s2, s1
    70dc: 50 20 20 1e  	fcmpe	s2, s0
    70e0: 8a 00 00 54  	b.ge	0x70f0 <_ZN22OrientationInterpreter11processFaceEv+0x30>
    70e4: fd 7b c1 a8  	ldp	x29, x30, [sp], #16
    70e8: bf 23 03 d5  	hint	#29
    70ec: c0 03 5f d6  	ret
    70f0: 38 20 20 1e  	fcmpe	s1, #0.0
    70f4: c9 01 00 54  	b.ls	0x712c <_ZN22OrientationInterpreter11processFaceEv+0x6c>
    70f8: c2 00 80 52  	mov	w2, #6
    70fc: 01 a0 40 b9  	ldr	w1, [x0, #160]
    7100: 02 90 00 b9  	str	w2, [x0, #144]
    7104: 3f 00 02 6b  	cmp	w1, w2
    7108: e0 fe ff 54  	b.eq	0x70e4 <_ZN22OrientationInterpreter11processFaceEv+0x24>
    710c: e1 03 00 aa  	mov	x1, x0
    7110: 00 60 01 91  	add	x0, x0, #88
    7114: 22 a0 00 b9  	str	w2, [x1, #160]
    7118: 22 58 40 f9  	ldr	x2, [x1, #176]
    711c: 22 8c 08 f8  	str	x2, [x1, #136]!
    7120: fd 7b c1 a8  	ldp	x29, x30, [sp], #16
    7124: bf 23 03 d5  	hint	#29
    7128: ca fd ff 17  	b	0x6850 <_ZN28OrientationInterpreterPlugin11qt_metacallEN11QMetaObject4CallEiPPv+0x1b0>
    712c: 01 80 40 b9  	ldr	w1, [x0, #128]
    7130: 3f 00 00 71  	cmp	w1, #0
    7134: e2 07 9f 1a  	cset	w2, ne
    7138: 42 14 00 11  	add	w2, w2, #5
    713c: f0 ff ff 17  	b	0x70fc <_ZN22OrientationInterpreter11processFaceEv+0x3c>

-- 5. WHAT qtmir DOES WITH IT: four of the six values are handled, and the two face
--    values are not.
#
# The event is built in PlatformScreen::onOrientationReadingChanged (it stores the
# QOrientationReading::Orientation at offset 20 of a small event object whose vptr is
# set from .data.rel.ro, then QCoreApplication::postEvent) and consumed in
# PlatformScreen::customEvent, which reads that same offset 20 and switches on it.

$ readelf -sW $F | grep -E 'PlatformScreen(27onOrientationReadingChanged|11customEvent)'
  1725: 000000000005b940   820 FUNC    GLOBAL DEFAULT   11 _ZN14PlatformScreen11customEventEP6QEvent
  1875: 000000000005b660   728 FUNC    GLOBAL DEFAULT   11 _ZN14PlatformScreen27onOrientationReadingChangedEN19QOrientationReading11OrientationE

$ llvm-objdump-14 -d --start-address=0x5b660 --stop-address=0x5b6c0 $F   # the event carries w21

000000000005b660 <_ZN14PlatformScreen27onOrientationReadingChangedEN19QOrientationReading11OrientationE>:
   5b7e8: 00 03 80 d2  	mov	x0, #24
   5b7ec: 61 80 ff 97  	bl	0x3b970 <.plt+0x16b0>
   5b7f0: f3 03 00 aa  	mov	x19, x0
   5b7f4: 21 03 00 90  	adrp	x1, 0xbf000 <_ZN14PlatformScreen11customEventEP6QEvent+0x44>
   5b7f8: 21 e4 47 f9  	ldr	x1, [x1, #4040]
   5b7fc: 21 00 40 b9  	ldr	w1, [x1]
   5b800: 7c 7d ff 97  	bl	0x3adf0 <.plt+0xb30>
   5b804: 20 03 00 90  	adrp	x0, 0xbf000 <_ZN14PlatformScreen11customEventEP6QEvent+0x54>
   5b808: 00 74 47 f9  	ldr	x0, [x0, #3816]
   5b80c: e2 02 00 d0  	adrp	x2, 0xb9000 <_ZN14PlatformScreen11customEventEP6QEvent+0x44>
   5b810: 42 80 12 91  	add	x2, x2, #1184
   5b814: 75 16 00 b9  	str	w21, [x19, #20]
   5b818: 42 40 00 91  	add	x2, x2, #16
   5b81c: 62 02 00 f9  	str	x2, [x19]
   5b820: e2 1f 40 f9  	ldr	x2, [sp, #56]
   5b824: 01 00 40 f9  	ldr	x1, [x0]
   5b828: 42 00 01 eb  	subs	x2, x2, x1
   5b82c: 01 00 80 d2  	mov	x1, #0
   5b830: 81 03 00 54  	b.ne	0x5b8a0 <_ZN14PlatformScreen27onOrientationReadingChangedEN19QOrientationReading11OrientationE+0x240>
   5b834: fd 7b 44 a9  	ldp	x29, x30, [sp, #64]

$ llvm-objdump-14 -d --start-address=0x5b940 --stop-address=0x5b9d0 $F   # the dispatch on that value

000000000005b940 <_ZN14PlatformScreen11customEventEP6QEvent>:
   5b960: 21 74 47 f9  	ldr	x1, [x1, #3816]
   5b964: 80 16 40 b9  	ldr	w0, [x20, #20]
   5b968: 22 00 40 f9  	ldr	x2, [x1]
   5b96c: e2 27 00 f9  	str	x2, [sp, #72]
   5b970: 02 00 80 d2  	mov	x2, #0
   5b974: 1f 0c 00 71  	cmp	w0, #3
   5b978: 80 0e 00 54  	b.eq	0x5bb48 <_ZN14PlatformScreen11customEventEP6QEvent+0x208>
   5b97c: 68 01 00 54  	b.hi	0x5b9a8 <_ZN14PlatformScreen11customEventEP6QEvent+0x68>
   5b980: 1f 04 00 71  	cmp	w0, #1
   5b984: 80 0d 00 54  	b.eq	0x5bb34 <_ZN14PlatformScreen11customEventEP6QEvent+0x1f4>
   5b988: 1f 08 00 71  	cmp	w0, #2
   5b98c: c1 04 00 54  	b.ne	0x5ba24 <_ZN14PlatformScreen11customEventEP6QEvent+0xe4>
   5b990: 62 0a 41 b9  	ldr	w2, [x19, #264]
   5b994: 80 00 80 52  	mov	w0, #4
   5b998: 01 01 80 52  	mov	w1, #8
   5b99c: 5f 08 00 71  	cmp	w2, #2
   5b9a0: 00 10 81 1a  	csel	w0, w0, w1, ne
   5b9a4: 07 00 00 14  	b	0x5b9c0 <_ZN14PlatformScreen11customEventEP6QEvent+0x80>
   5b9a8: 1f 10 00 71  	cmp	w0, #4
   5b9ac: c1 03 00 54  	b.ne	0x5ba24 <_ZN14PlatformScreen11customEventEP6QEvent+0xe4>
   5b9b0: 61 0a 41 b9  	ldr	w1, [x19, #264]
   5b9b4: 00 01 80 52  	mov	w0, #8
   5b9b8: 3f 08 00 71  	cmp	w1, #2
   5b9bc: 00 14 9f 1a  	csinc	w0, w0, wzr, ne
   5b9c0: 60 0e 01 b9  	str	w0, [x19, #268]
   5b9c4: 60 42 00 91  	add	x0, x19, #16
   5b9c8: f6 81 ff 97  	bl	0x3c1a0 <.plt+0x1ee0>
   5b9cc: 61 0e 41 b9  	ldr	w1, [x19, #268]

$ llvm-objdump-14 -d --start-address=0x5bb34 --stop-address=0x5bb60 $F   # the four cases

000000000005b940 <_ZN14PlatformScreen11customEventEP6QEvent>:
   5bb34: 62 0a 41 b9  	ldr	w2, [x19, #264]
   5bb38: 41 00 80 52  	mov	w1, #2
   5bb3c: 5f 00 01 6b  	cmp	w2, w1
   5bb40: 00 10 81 1a  	csel	w0, w0, w1, ne
   5bb44: 9f ff ff 17  	b	0x5b9c0 <_ZN14PlatformScreen11customEventEP6QEvent+0x80>
   5bb48: 62 0a 41 b9  	ldr	w2, [x19, #264]
   5bb4c: 40 00 80 52  	mov	w0, #2
   5bb50: 81 00 80 52  	mov	w1, #4
   5bb54: 5f 00 00 6b  	cmp	w2, w0
   5bb58: 00 10 81 1a  	csel	w0, w0, w1, ne
   5bb5c: 99 ff ff 17  	b	0x5b9c0 <_ZN14PlatformScreen11customEventEP6QEvent+0x80>
#
# Decoded, with Qt's enum from section 2(b) (TopUp=1, TopDown=2, LeftUp=3, RightUp=4,
# FaceUp=5, FaceDown=6) and the event's value in w0:
#
#   cmp w0,#3 ; b.eq -> case LeftUp(3)      |  b.hi -> check 4
#   cmp w0,#1 ; b.eq -> case TopUp(1)       |  cmp w0,#2 ; b.ne -> UNKNOWN (so 0 is unknown)
#   case 2 (TopDown)  : native==2 ? InvertedLandscape(8) : InvertedPortrait(4)
#   case 4 (RightUp)  : native==2 ? Portrait(1)          : InvertedLandscape(8)
#   case 1 (TopUp)    : native==2 ? Landscape(2)         : Portrait(1)
#   case 3 (LeftUp)   : native==2 ? InvertedPortrait(4)  : Landscape(2)
#   anything else (0, 5 = FaceUp, 6 = FaceDown) -> "() - unknown orientation." and the
#   event is accepted with m_currentOrientation UNCHANGED.
#
# That matches the publicly visible version of the same switch, verbatim:
# src/platforms/mirserver/screen.cpp (ubports/qtmir, focal). Its class is called Screen
# there and PlatformScreen in this build, and the port's build commit is not in the
# public branch list, so the mapping above is quoted from the BINARY -- the source is
# here as corroboration, and it agrees case for case:

void Screen::customEvent(QEvent* event)
{
    OrientationReadingEvent* oReadingEvent = static_cast<OrientationReadingEvent*>(event);
    switch (oReadingEvent->m_orientation) {
        case QOrientationReading::LeftUp: {
            m_currentOrientation = (m_nativeOrientation == Qt::LandscapeOrientation) ?
                        Qt::InvertedPortraitOrientation : Qt::LandscapeOrientation;
            break;
        }
        case QOrientationReading::TopUp: {
            m_currentOrientation = (m_nativeOrientation == Qt::LandscapeOrientation) ?
                        Qt::LandscapeOrientation : Qt::PortraitOrientation;
            break;
        }
        case QOrientationReading::RightUp: {
            m_currentOrientation = (m_nativeOrientation == Qt::LandscapeOrientation) ?
                        Qt::PortraitOrientation : Qt::InvertedLandscapeOrientation;
            break;
        }
        case QOrientationReading::TopDown: {
            m_currentOrientation = (m_nativeOrientation == Qt::LandscapeOrientation) ?
                        Qt::InvertedLandscapeOrientation : Qt::InvertedPortraitOrientation;
            break;
        }
        default: {
            qWarning("Unknown orientation.");
            event->accept();
            return;
        }
#
# The two log strings the binary uses, so the decode above can be matched against the
# device's own journal (doc 70 quoted exactly these lines):
#   0x94b78  "() - unknown orientation."     0x94b98  "() - new orientation="
#   0x94b30  "PlatformScreen["  0x94b40 "]::"  0x94b68 "customEvent"
# and the value logged after "new orientation=" is [x19,#268] = m_currentOrientation,
# i.e. a Qt::ScreenOrientation (1/2/4/8), not the sensorfw number.

-- 6. THE WHOLE CHAIN, END TO END --------------------------------------------------
# nativeOrientation first, because three of the four branches depend on it. It is not
# a sensor reading: PlatformScreen's constructor decides it from the screen geometry
# (llvm-objdump-14 -d --start-address=0x5d150 --stop-address=0x5d194 of the same .so):
#     w0 = (geometry.height() <= geometry.width()) ? 2 : 1     ->  m_nativeOrientation
# and the port's geometry is QRect(0,0 1080x1920) (docs 70 section 1), so
#     m_nativeOrientation = Qt::PortraitOrientation (1)
# which is also what the device logged: "Screen - nativeOrientation is: Qt::PortraitOrientation".
# Then m_currentOrientation starts at Portrait and only changes on an accepted reading.
#
#          sensorfw        ->  QtSensors      ->  qtmir (native portrait)     ->  screen
#   value  name                value  name          result
#   -----  ------------------  -----  -----------   ----------------------------  -------
#     1    LeftUp (left        3     LeftUp        LandscapeOrientation(2)
#          side up)
#     2    RightUp (right      4     RightUp       InvertedLandscapeOrientation(8)
#          side up)
#     3    BottomUp            2     TopDown       InvertedPortraitOrientation(4)
#     4    BottomDown          1     TopUp         PortraitOrientation(1)
#     5    FaceDown            6     FaceDown      (nothing: "unknown orientation.")
#     6    FaceUp              5     FaceUp        (nothing: "unknown orientation.")
#
# Every step of the translation preserves the NAME: LeftUp->LeftUp, RightUp->RightUp,
# BottomUp->TopDown, BottomDown->TopUp, FaceUp->FaceUp, FaceDown->FaceDown. There is no
# inversion anywhere in this chain.
#
# What the names mean physically (orientationinterpreter.cpp, section 4): rotation is
# atan(y/...) in portrait mode and atan(x/...) in landscape mode, and BottomUp vs
# BottomDown is the SIGN of y, LeftUp vs RightUp the sign of x. With this port's
# accelerometer convention -- verified on the device: a flat, screen-up phone reads
# z = +1015 mG (docs 71 section 6), which is the Android/Qt convention where +y points
# to the top of the device -- "upright in portrait" is y > 0, i.e. BottomDown (4), and
# that is the row that yields Qt::PortraitOrientation. Upside down is BottomUp (3) ->
# InvertedPortrait. Both are correct.
#
# AND a flat phone (z = +/-1 g, x ~ y ~ 0) is NOT one of the four top-edge values at
# all: processTopEdge() finds |rotation| below both thresholds, sets topEdge to
# Undefined, and processOrientation() then propagates the FACE value instead -- 6
# (FaceUp) for a screen-up phone. So "6" is the correct, expected value for a flat
# phone, and qtmir ignores it by design.

-- 7. CROSS-CHECK AGAINST WHAT THE DEVICE ITSELF LOGGED (docs 70/71, quoted here
--    because they are the only device-side measurements that exist):
#
#   [ 385.646759] qtmir.sensor: OrientationSensor::readingChanged
#   [ 385.663429] qtmir.sensor: PlatformScreen[0x5e3d6b5eb0]::customEvent() - new orientation=Qt::InvertedLandscapeOrientation
#
#   [ 404.197702] qtmir.sensor: ...::customEvent() - unknown orientation.
#   [ 115.332982] / [ 115.587090] / [ 2218.837162] / [ 2568.911397] / [ 4542.555712] /
#   [ 4907.548381] / [ 5993.785854] ...
#
#   and, read over D-Bus while the phone lay flat and screen up:
#   $ gdbus call --system ... Get local.OrientationSensor orientation
#   (<(uint64 4907939888, uint32 6)>,)
#
# Three things follow, and they are the whole point of this log:
#   (1) the steady state is "6" -> Qt FaceUp(5) -> "unknown orientation." -> the screen
#       is left alone. That is not a fault and it is not an inversion: 6 is the correct
#       face-up value (section 4) and ignoring the face states is what qtmir does by
#       design (section 5). So the flat-phone value can never move the screen.
#   (2) the one change ever adopted in that boot was InvertedLandscape(8), which section
#       6 says comes from sensorfw RightUp(2) -- "the device's right side is up". Whether
#       that was true of the phone at second 385 is not recorded; what IS recorded is
#       that nothing was adopted afterwards.
#   (3) therefore the earlier reading of these same lines -- "the shell re-reads the
#       cached 6 and adopts it as landscape" (docs 70 section 5, 71 section 5) -- cannot
#       be right: 6 is the one value that provably does nothing.

-- 8. REPRODUCTION (host only, no device) ------------------------------------------
#   sudo mount -o loop,ro,noload /mnt/data/ubports-rootfs/24.04-2.x/rootfs-24.04-2.x-arm64-android9plus-zl1-host-4g.img /mnt/zl1-rootfs
#   R=/mnt/zl1-rootfs
#   python3 - <<'PY'                       # the bridge table, read out of .rodata
#   ...  see section 3
#   PY
#   llvm-objdump-14 -d --start-address=0x1a060 --stop-address=0x1a0a0 \
#       $R/usr/lib/aarch64-linux-gnu/qt5/plugins/sensors/libqtsensors_sensorfw.so
#   llvm-objdump-14 -d --start-address=0x5b960 --stop-address=0x5b9d0 \
#       $R/usr/lib/aarch64-linux-gnu/libqt5mir1server.so.1
#   llvm-objdump-14 -d --start-address=0x70c0 --stop-address=0x7140 \
#       $R/usr/lib/aarch64-linux-gnu/sensord-qt5/liborientationinterpreter-qt5.so
#   curl -sS https://raw.githubusercontent.com/qt/qtsensors/5.15/src/sensors/qorientationsensor.h
#   curl -sS https://raw.githubusercontent.com/ubports/sensorfw/xenial_-_android9/datatypes/posedata.h
#   curl -sS https://raw.githubusercontent.com/ubports/sensorfw/xenial_-_android9/filters/orientationinterpreter/orientationinterpreter.cpp
#   curl -sS https://raw.githubusercontent.com/ubports/qtmir/focal/src/platforms/mirserver/screen.cpp
#   (objdump on this host cannot decode aarch64 -- llvm-objdump-14 can, and gdb/gdb-multiarch are the fallbacks)

-- 9. WHAT THIS LOG DOES NOT SETTLE -----------------------------------------------
#   * Which way the phone really was at second 385 of that boot. Nothing recorded it.
#   * Whether the accelerometer's x and y axes are where this stack expects them. That
#     is now the ONLY remaining candidate for "the screen sits landscape", and it is a
#     one-hand measurement (see docs 92): hold the phone upright in portrait and read
#     the sensorfw value. If it reads 4 (BottomDown) the axes are fine; if it reads 1 or
#     2 the x/y pair is wrong; if it reads 3 the pair is inverted.
#   * Whether sensorfw actually delivers a new value when the phone is moved (docs 71
#     section 7.5 observed no orientationChanged in 30 s, but the phone was flat and
#     still for that whole test, where no change is expected -- so that observation is
#     not evidence either way).
#   * Nothing here was run on the device. It is all host-side, read-only.
